{
  "version": "1.4.0",
  "plugins_used": [
    {
      "name": "ArtifactoryDetector"
    },
    {
      "name": "AWSKeyDetector"
    },
    {
      "name": "Base64HighEntropyString",
      "limit": 4.5
    },
    {
      "name": "BasicAuthDetector"
    },
    {
      "name": "CloudantDetector"
    },
    {
      "name": "HexHighEntropyString",
      "limit": 3.0
    },
    {
      "name": "JwtTokenDetector"
    },
    {
      "name": "KeywordDetector",
      "keyword_exclude": ""
    },
    {
      "name": "MailchimpDetector"
    },
    {
      "name": "PrivateKeyDetector"
    },
    {
      "name": "SlackDetector"
    },
    {
      "name": "StripeDetector"
    }
  ],
  "filters_used": [
    {
      "path": "detect_secrets.filters.allowlist.is_line_allowlisted"
    },
    {
      "path": "detect_secrets.filters.common.is_baseline_file",
      "filename": ".secrets.baseline"
    },
    {
      "path": "detect_secrets.filters.common.is_ignored_due_to_verification_policies",
      "min_level": 2
    },
    {
      "path": "detect_secrets.filters.heuristic.is_indirect_reference"
    },
    {
      "path": "detect_secrets.filters.heuristic.is_likely_id_string"
    },
    {
      "path": "detect_secrets.filters.heuristic.is_lock_file"
    },
    {
      "path": "detect_secrets.filters.heuristic.is_not_alphanumeric_string"
    },
    {
      "path": "detect_secrets.filters.heuristic.is_potential_uuid"
    },
    {
      "path": "detect_secrets.filters.heuristic.is_prefixed_with_dollar_sign"
    },
    {
      "path": "detect_secrets.filters.heuristic.is_sequential_string"
    },
    {
      "path": "detect_secrets.filters.heuristic.is_swagger_file"
    },
    {
      "path": "detect_secrets.filters.heuristic.is_templated_secret"
    }
  ],
  "results": {
    ".claude\\skills\\agents-crewai\\references\\tools.md": [
      {
        "type": "Secret Keyword",
        "filename": ".claude\\skills\\agents-crewai\\references\\tools.md",
        "hashed_secret": "9d4e1e23bd5b727046a9e3b4b7db57bd8d6ee684",
        "is_verified": false,
        "line_number": 125
      }
    ],
    ".claude\\skills\\agents-crewai\\references\\troubleshooting.md": [
      {
        "type": "Secret Keyword",
        "filename": ".claude\\skills\\agents-crewai\\references\\troubleshooting.md",
        "hashed_secret": "6d9c68c603e465077bdd49c62347fe54717f83a3",
        "is_verified": false,
        "line_number": 350
      }
    ],
    ".claude\\skills\\agents-langchain\\references\\integration.md": [
      {
        "type": "Secret Keyword",
        "filename": ".claude\\skills\\agents-langchain\\references\\integration.md",
        "hashed_secret": "11fa7c37d697f30e6aee828b4426a10f83ab2380",
        "is_verified": false,
        "line_number": 40
      },
      {
        "type": "Secret Keyword",
        "filename": ".claude\\skills\\agents-langchain\\references\\integration.md",
        "hashed_secret": "7591fb258eb13020ecd4d7a6894aa78da58b1019",
        "is_verified": false,
        "line_number": 136
      },
      {
        "type": "Basic Auth Credentials",
        "filename": ".claude\\skills\\agents-langchain\\references\\integration.md",
        "hashed_secret": "9d4e1e23bd5b727046a9e3b4b7db57bd8d6ee684",
        "is_verified": false,
        "line_number": 456
      }
    ],
    ".claude\\skills\\error-resolver\\patterns\\database.md": [
      {
        "type": "Secret Keyword",
        "filename": ".claude\\skills\\error-resolver\\patterns\\database.md",
        "hashed_secret": "f2c57870308dc87f432e5912d4de6f8e322721ba",
        "is_verified": false,
        "line_number": 77
      }
    ],
    ".claude\\skills\\prompt-engineering-guidance\\references\\backends.md": [
      {
        "type": "Secret Keyword",
        "filename": ".claude\\skills\\prompt-engineering-guidance\\references\\backends.md",
        "hashed_secret": "aecdccc1cf64595b34e0cc152d238daabb32183a",
        "is_verified": false,
        "line_number": 29
      },
      {
        "type": "Secret Keyword",
        "filename": ".claude\\skills\\prompt-engineering-guidance\\references\\backends.md",
        "hashed_secret": "11fa7c37d697f30e6aee828b4426a10f83ab2380",
        "is_verified": false,
        "line_number": 54
      },
      {
        "type": "Secret Keyword",
        "filename": ".claude\\skills\\prompt-engineering-guidance\\references\\backends.md",
        "hashed_secret": "5d395f245794c71d83c91fd0a3292e0dddb75be2",
        "is_verified": false,
        "line_number": 156
      },
      {
        "type": "Secret Keyword",
        "filename": ".claude\\skills\\prompt-engineering-guidance\\references\\backends.md",
        "hashed_secret": "c7a8c334eef5d1749fface7d42c66f9ae5e8cf36",
        "is_verified": false,
        "line_number": 527
      },
      {
        "type": "Secret Keyword",
        "filename": ".claude\\skills\\prompt-engineering-guidance\\references\\backends.md",
        "hashed_secret": "ec3810e10fb78db55ce38b9c18d1c3eb1db739e0",
        "is_verified": false,
        "line_number": 528
      }
    ],
    ".env.example": [
      {
        "type": "Basic Auth Credentials",
        "filename": ".env.example",
        "hashed_secret": "5baa61e4c9b93f3f0682250b6cf8331b7ee68fd8",
        "is_verified": false,
        "line_number": 29
      }
    ],
    "docs\\KENPOM_DATA_RESEARCH.json": [
      {
        "type": "Secret Keyword",
        "filename": "docs\\KENPOM_DATA_RESEARCH.json",
        "hashed_secret": "4a9768fab0628379ad61cfc011fe3685fe4972f3",
        "is_verified": false,
        "line_number": 293
      }
    ],
    "docs\\VOICE_INTEGRATION.md": [
      {
        "type": "Secret Keyword",
        "filename": "docs\\VOICE_INTEGRATION.md",
        "hashed_secret": "d413f4d18c4c123dd52776f417b792efdec29c6a",
        "is_verified": false,
        "line_number": 91
      },
      {
        "type": "Secret Keyword",
        "filename": "docs\\VOICE_INTEGRATION.md",
        "hashed_secret": "6d9c68c603e465077bdd49c62347fe54717f83a3",
        "is_verified": false,
        "line_number": 167
      }
    ]
  },
  "generated_at": "2026-02-16T14:14:29Z"
}
